{"tempHash":"0034149AFCD82FA5","tbluHash":"00C73D23716B6B0E","rootEntity":"66aa1bda62c80812","entities":{"66aa1bda62c80812":{"parent":null,"name":"PostfilterParameters_Gecko_ID0","factory":"[modules:/zrenderpostfilterparametersentity.class].pc_entitytype","blueprint":"[modules:/zrenderpostfilterparametersentity.class].pc_entityblueprint","properties":{"m_bColorCorrectionEnabled":{"type":"bool","value":true},"m_bHDRLensFlareEnabled":{"type":"bool","value":false},"m_fHDRBloomFalloff":{"type":"float32","value":1.5},"m_bNoiseEnabled":{"type":"bool","value":false},"m_bHDRGlareEnabled":{"type":"bool","value":true},"m_eHDRGlareType":{"type":"ZRenderPostfilterParametersEntity.EHDRGlareType","value":"eFilterSunnyCrossSpectral"},"m_bSSAOEnabled":{"type":"bool","value":true},"m_bFogEnabled":{"type":"bool","value":true},"m_fFogDensity":{"type":"float32","value":0.004999999888241291},"m_FogColor":{"type":"SColorRGB","value":"#faedd9"},"m_bVignetteEnabled":{"type":"bool","value":false},"m_bDepthOfFieldEnabled":{"type":"bool","value":false},"m_fDepthOfFieldFocalDistance":{"type":"float32","value":10},"m_fHDRStarScale":{"type":"float32","value":0.20000000298023224},"m_bGaussianBlurEnabled":{"type":"bool","value":false},"m_fGaussianBlurriness":{"type":"float32","value":1},"m_fSpatialBlurriness":{"type":"float32","value":1},"m_fDepthOfFieldFocusEnd":{"type":"float32","value":10},"m_fDepthOfFieldFocalFadeNear":{"type":"float32","value":0.5},"m_bRadialBlurEnabled":{"type":"bool","value":false},"m_bSpatialBlurEnabled":{"type":"bool","value":false},"m_fHDRBloomScale":{"type":"float32","value":0.2},"m_fDepthOfFieldFocalFadeFar":{"type":"float32","value":100},"m_bDistortionWobbleEnabled":{"type":"bool","value":true},"m_fDistortionWobbleScale":{"type":"float32","value":0},"m_vDistortionWobbleSpeed":{"type":"SVector2","value":{"x":1,"y":1}},"m_fNoiseIntensity":{"type":"float32","value":0.029999999329447746},"m_fNoiseScale":{"type":"float32","value":0.5},"m_bFogGlobal":{"type":"bool","value":false},"m_VignetteColor":{"type":"SColorRGB","value":"#000000"},"m_fVignetteStrength":{"type":"float32","value":0.30000001192092896},"m_bDepthOfFieldUseNew":{"type":"bool","value":false},"m_fDepthOfFieldAperture":{"type":"float32","value":0.5},"m_bDistortionBarrelEnabled":{"type":"bool","value":false},"m_bForegroundBlur":{"type":"bool","value":false},"m_eBlurQuality":{"type":"ZRenderPostfilterParametersEntity.EDOFBlurType","value":"eLowRezLensBlurSoft"},"m_fHDRLensFlareAttenuation":{"type":"float32","value":0.20000000298023224},"m_vFogNearDistances":{"type":"SVector2","value":{"x":0,"y":10}},"m_bFogUseQuarterRes":{"type":"bool","value":false},"m_vFogTurbulenceNearScale":{"type":"SVector3","value":{"x":10,"y":10,"z":10}},"m_fFogTurbulenceOpacity":{"type":"float32","value":0},"m_fRadialBlurStart":{"type":"float32","value":0},"m_fRadialBlurriness":{"type":"float32","value":1},"m_fRadialBlurFadeFactor":{"type":"float32","value":0.10999999940395355},"m_vVignetteGradientLightColor":{"type":"SColorRGB","value":"#876c42"},"m_fVignetteGradientLightSize":{"type":"float32","value":0},"m_fVignetteGradientLightStrength":{"type":"float32","value":0},"m_fDepthOfFieldBlurriness":{"type":"float32","value":0.20000000298023224},"m_vFogTurbulenceVelocity":{"type":"SVector3","value":{"x":0.30000001192092896,"y":0.5,"z":0.10000000149011612}},"m_vHDRAdaptationLuminanceMinMax":{"type":"SVector2","value":{"x":2,"y":150}},"m_fHDRBrightPassMaxPercentage":{"type":"float32","value":80},"m_eHDRToneMapType":{"type":"ZRenderPostfilterParametersEntity.EHDRToneMapType","value":"eFilmicRGB"},"m_fFogTurbulenceChaos":{"type":"float32","value":1},"m_bHDREnabled":{"type":"bool","value":true},"m_fDepthOfFieldFocusStart":{"type":"float32","value":1},"m_fSSAOOcclusionRange":{"type":"float32","value":1},"m_fHDRWhitePoint":{"type":"float32","value":11},"m_fHDRBrightPassThreshold":{"type":"float32","value":0.30000001192092896},"m_nParameterId":{"type":"int32","value":0},"m_vSSAOStrengthNearFar":{"type":"SVector2","value":{"x":0,"y":15}},"m_vSSAODistanceNearFar":{"type":"SVector2","value":{"x":0,"y":15}},"m_vSSAOScreenSpaceRadiusLimits":{"type":"SVector2","value":{"x":15,"y":100}},"m_vRadialBlurCenter":{"type":"SVector2","value":{"x":0.5,"y":0.5}},"m_vSpatialBlurCenter":{"type":"SVector3","value":{"x":0,"y":0,"z":0}},"m_fSpatialBlurStart":{"type":"float32","value":0},"m_fSpatialBlurFade":{"type":"float32","value":10},"BillboardTexture":{"type":"ZRuntimeResourceID","value":null},"m_fLabsDofAnamorphic":{"type":"float32","value":0},"m_fLabsDofSwirl":{"type":"float32","value":0},"m_vDistortionWobbleWaveLength":{"type":"SVector2","value":{"x":100,"y":100}},"m_bDistortionWobbleUseRealTime":{"type":"bool","value":true},"m_bDoubleVisionEnabled":{"type":"bool","value":false},"m_fDoubleVisionStrength":{"type":"float32","value":0.10000000149011612},"m_fDoubleVisionSpeed":{"type":"float32","value":0.10000000149011612},"m_fDoubleVisionEyeSeparation":{"type":"float32","value":0},"m_fDoubleVisionSpeed1":{"type":"float32","value":147},"m_fDoubleVisionSpeed2":{"type":"float32","value":109},"m_fDoubleVisionScaleSpeed1":{"type":"float32","value":121},"m_fDoubleVisionScaleSpeed2":{"type":"float32","value":97},"m_fDoubleVisionMinScale":{"type":"float32","value":0.07000000029802322},"m_fDoubleVisionMaxScale":{"type":"float32","value":0.09000000357627869},"m_fDoubleVisionBlendSpeed":{"type":"float32","value":80},"m_fDoubleVisionBlendStrength":{"type":"float32","value":0.20000000298023224},"m_fDoubleVisionTrailStrength":{"type":"float32","value":0.05000000074505806},"m_vHDRAdaptationSpeed":{"type":"SVector2","value":{"x":2,"y":2}},"m_vHDRAdaptationMiddleGrayMinMax":{"type":"SVector2","value":{"x":0.20000000298023224,"y":0.5}},"m_HDRLensFlareColorA":{"type":"SColorRGB","value":"#808cf0"},"m_fHDRLensFlareThresholdA":{"type":"float32","value":0.4699999988079071},"m_HDRLensFlareColorB":{"type":"SColorRGB","value":"#806633"},"m_fHDRLensFlareThresholdB":{"type":"float32","value":0.4300000071525574},"m_HDRLensFlareColorC":{"type":"SColorRGB","value":"#ffb061"},"m_fHDRLensFlareThresholdC":{"type":"float32","value":0.23999999463558197},"m_HDRLensFlareColorD":{"type":"SColorRGB","value":"#66664d"},"m_fHDRLensFlareThresholdD":{"type":"float32","value":0.10000000149011612},"m_fSSAOAngleOffset":{"type":"float32","value":0.30000001192092896},"m_fHDRExposureMeteringSize":{"type":"float32","value":0.5},"ColorCorrectionTextureHDR":{"type":"ZRuntimeResourceID","value":{"resource":"00420EDBB593A1D9","flag":"5F"}},"m_vASSAOFadeInRange":{"type":"SVector2","value":{"x":-5,"y":10}},"m_vASSAOFadeOutRange":{"type":"SVector2","value":{"x":70,"y":100}},"m_vHDRBloomMinFalloffDistanceMinMax":{"type":"SVector2","value":{"x":-5,"y":5}},"m_fVignetteSharpenStrength":{"type":"float32","value":1},"m_fASSAORadius":{"type":"float32","value":1},"m_fASSAOMultiplier":{"type":"float32","value":1},"m_fVignetteMin":{"type":"float32","value":0.30000001192092896},"m_HDRAdaptionMiddleGrayCurveEntity":{"type":"SEntityTemplateReference","value":"18224d3409290a09","postInit":true}}},"18224d3409290a09":{"parent":"66aa1bda62c80812","name":"MiddleGrayCurve","factory":"[modules:/zmiddlegraycurveentity.class].pc_entitytype","blueprint":"[modules:/zmiddlegraycurveentity.class].pc_entityblueprint","properties":{"m_Remap":{"type":"ZCurve","value":{"data":[[-6,0.02542644366621971,0,0,0,0,0.008293857797980309,0.02542644366621971],[-5.28280782699585,0.03372030332684517,0,0,0,0,-0.000168123995536007,0.03372030332684517],[-2.042663335800171,0.033552177250385284,0,0,0,0,0.003516183467581868,0.033552177250385284],[-0.40257877111434937,0.037068359553813934,0,0,0,0,0.008647884242236614,0.037068359553813934],[0.10037359595298767,0.04571624472737312,0,0,0,0,0.02321554347872734,0.04571624472737312],[0.4202570915222168,0.06893178820610046,0,0,0,0,0.04111509770154953,0.06893178820610046],[0.6921137571334839,0.11004688590765,0,0,0,0,0.06665070354938507,0.11004688590765],[1.0488969087600708,0.17669759690761566,0,0,0,0,0.08002426475286484,0.17669759690761566],[1.4594968557357788,0.2567218542098999,0,0,0,0,0.05212407186627388,0.2567218542098999],[1.751643419265747,0.3088459372520447,0,0,0,0,0.03546660766005516,0.3088459372520447],[2.237194299697876,0.34431254863739014,0,0,0,0,0,0.34431254863739014]]}}}}},"propertyOverrides":[],"overrideDeletes":[],"pinConnectionOverrides":[],"pinConnectionOverrideDeletes":[],"externalScenes":[],"subType":"template","quickEntityVersion":3.1,"extraFactoryDependencies":[],"extraBlueprintDependencies":[],"comments":[]}